<?xml version="1.0" encoding="UTF-8"?>
<testsuites>
  <testsuite name="dsBetaTestClient::ds.asFactor.o" timestamp="2019-03-22 21:54:11" hostname="fv-az592" tests="0" skipped="0" failures="0" errors="0" time="0"/>
  <testsuite name="dsBetaTestClient::ds.asFactor.o()" timestamp="2019-03-22 21:54:14" hostname="fv-az592" tests="0" skipped="0" failures="0" errors="0" time="0"/>
  <testsuite name="dsBetaTestClient::ds.asFactor.o(force.factor.levels)" timestamp="2019-03-22 21:54:15" hostname="fv-az592" tests="20" skipped="0" failures="0" errors="0" time="20.3">
    <testcase time="5.26" classname="dsBetaTestClient::ds_asFactor_o(force_factor_levels)" name="with_no_force_factor_levels"/>
    <testcase time="0.57" classname="dsBetaTestClient::ds_asFactor_o(force_factor_levels)" name="with_no_force_factor_levels"/>
    <testcase time="0.55" classname="dsBetaTestClient::ds_asFactor_o(force_factor_levels)" name="with_no_force_factor_levels"/>
    <testcase time="0.81" classname="dsBetaTestClient::ds_asFactor_o(force_factor_levels)" name="with_no_force_factor_levels"/>
    <testcase time="1.43" classname="dsBetaTestClient::ds_asFactor_o(force_factor_levels)" name="with_forced_factor_levels_of_1:6"/>
    <testcase time="0.55" classname="dsBetaTestClient::ds_asFactor_o(force_factor_levels)" name="with_forced_factor_levels_of_1:6"/>
    <testcase time="0.54" classname="dsBetaTestClient::ds_asFactor_o(force_factor_levels)" name="with_forced_factor_levels_of_1:6"/>
    <testcase time="0.97" classname="dsBetaTestClient::ds_asFactor_o(force_factor_levels)" name="with_forced_factor_levels_of_1:6"/>
    <testcase time="1.34" classname="dsBetaTestClient::ds_asFactor_o(force_factor_levels)" name="with_force_factor_levels_of_0:10"/>
    <testcase time="0.53" classname="dsBetaTestClient::ds_asFactor_o(force_factor_levels)" name="with_force_factor_levels_of_0:10"/>
    <testcase time="0.54" classname="dsBetaTestClient::ds_asFactor_o(force_factor_levels)" name="with_force_factor_levels_of_0:10"/>
    <testcase time="0.81" classname="dsBetaTestClient::ds_asFactor_o(force_factor_levels)" name="with_force_factor_levels_of_0:10"/>
    <testcase time="1.36" classname="dsBetaTestClient::ds_asFactor_o(force_factor_levels)" name="with_force_factor_levels_of_2:3"/>
    <testcase time="0.54" classname="dsBetaTestClient::ds_asFactor_o(force_factor_levels)" name="with_force_factor_levels_of_2:3"/>
    <testcase time="0.53" classname="dsBetaTestClient::ds_asFactor_o(force_factor_levels)" name="with_force_factor_levels_of_2:3"/>
    <testcase time="0.79" classname="dsBetaTestClient::ds_asFactor_o(force_factor_levels)" name="with_force_factor_levels_of_2:3"/>
    <testcase time="1.34" classname="dsBetaTestClient::ds_asFactor_o(force_factor_levels)" name="with_force_factor_levels_of_c(1,2,3,4,'a','h',5)"/>
    <testcase time="0.52" classname="dsBetaTestClient::ds_asFactor_o(force_factor_levels)" name="with_force_factor_levels_of_c(1,2,3,4,'a','h',5)"/>
    <testcase time="0.53" classname="dsBetaTestClient::ds_asFactor_o(force_factor_levels)" name="with_force_factor_levels_of_c(1,2,3,4,'a','h',5)"/>
    <testcase time="0.79" classname="dsBetaTestClient::ds_asFactor_o(force_factor_levels)" name="with_force_factor_levels_of_c(1,2,3,4,'a','h',5)"/>
  </testsuite>
  <testsuite name="dsBetaTestClient::ds.asFactor.o(fixed.dummy.vars)" timestamp="2019-03-22 21:54:32" hostname="fv-az592" tests="6" skipped="0" failures="0" errors="0" time="4.75">
    <testcase time="1.33" classname="dsBetaTestClient::ds_asFactor_o(fixed_dummy_vars)" name="with_fixed_dummy_vars_of_TRUE"/>
    <testcase time="0.52" classname="dsBetaTestClient::ds_asFactor_o(fixed_dummy_vars)" name="with_fixed_dummy_vars_of_TRUE"/>
    <testcase time="0.52" classname="dsBetaTestClient::ds_asFactor_o(fixed_dummy_vars)" name="with_fixed_dummy_vars_of_TRUE"/>
    <testcase time="1.33" classname="dsBetaTestClient::ds_asFactor_o(fixed_dummy_vars)" name="with_fixed_dummy_vars_of_TRUE_and_baseline_level_of_6"/>
    <testcase time="0.52" classname="dsBetaTestClient::ds_asFactor_o(fixed_dummy_vars)" name="with_fixed_dummy_vars_of_TRUE_and_baseline_level_of_6"/>
    <testcase time="0.53" classname="dsBetaTestClient::ds_asFactor_o(fixed_dummy_vars)" name="with_fixed_dummy_vars_of_TRUE_and_baseline_level_of_6"/>
  </testsuite>
  <testsuite name="dsBetaTestClient::ds.asFactor.o done" timestamp="2019-03-22 21:54:37" hostname="fv-az592" tests="0" skipped="0" failures="0" errors="0" time="0"/>
  <testsuite name="dsBetaTestClient::ds.dataFrame.o" timestamp="2019-03-22 21:54:37" hostname="fv-az592" tests="0" skipped="0" failures="0" errors="0" time="0"/>
  <testsuite name="dsBetaTestClient::ds.dataFrame.o() create a dataframe" timestamp="2019-03-22 21:54:39" hostname="fv-az592" tests="6" skipped="0" failures="0" errors="0" time="4.03">
    <testcase time="4.03" classname="dsBetaTestClient::ds_dataFrame_o()_create_a_dataframe" name="dataframe_exists"/>
    <testcase time="0" classname="dsBetaTestClient::ds_dataFrame_o()_create_a_dataframe" name="dataframe_exists"/>
    <testcase time="0" classname="dsBetaTestClient::ds_dataFrame_o()_create_a_dataframe" name="dataframe_exists"/>
    <testcase time="0" classname="dsBetaTestClient::ds_dataFrame_o()_create_a_dataframe" name="dataframe_exists"/>
    <testcase time="0" classname="dsBetaTestClient::ds_dataFrame_o()_create_a_dataframe" name="dataframe_exists"/>
    <testcase time="0" classname="dsBetaTestClient::ds_dataFrame_o()_create_a_dataframe" name="dataframe_exists"/>
  </testsuite>
  <testsuite name="dsBetaTestClient::ds.dataFrame.o() errors" timestamp="2019-03-22 21:54:41" hostname="fv-az592" tests="1" skipped="0" failures="0" errors="0" time="0">
    <testcase time="0" classname="dsBetaTestClient::ds_dataFrame_o()_errors" name="dataframe_errors"/>
  </testsuite>
  <testsuite name="dsBetaTestClient::ds.dataFrame.o done" timestamp="2019-03-22 21:54:41" hostname="fv-az592" tests="0" skipped="0" failures="0" errors="0" time="0"/>
  <testsuite name="dsBetaTestClient::ds.glm.o 1" timestamp="2019-03-22 21:54:41" hostname="fv-az592" tests="0" skipped="0" failures="0" errors="0" time="0"/>
  <testsuite name="dsBetaTestClient::ds.glm.o(): Standard Poisson regression model for piecewise exponential regression analysis" timestamp="2019-03-22 21:54:43" hostname="fv-az592" tests="3" skipped="0" failures="0" errors="0" time="4.93">
    <testcase time="4.93" classname="dsBetaTestClient::ds_glm_o():_Standard_Poisson_regression_model_for_piecewise_exponential_regression_analysis" name="glm_poisson"/>
    <testcase time="0" classname="dsBetaTestClient::ds_glm_o():_Standard_Poisson_regression_model_for_piecewise_exponential_regression_analysis" name="glm_poisson"/>
    <testcase time="0" classname="dsBetaTestClient::ds_glm_o():_Standard_Poisson_regression_model_for_piecewise_exponential_regression_analysis" name="glm_poisson"/>
  </testsuite>
  <testsuite name="dsBetaTestClient::ds.glm.o() errors" timestamp="2019-03-22 21:54:45" hostname="fv-az592" tests="1" skipped="0" failures="0" errors="0" time="0.27">
    <testcase time="0.27" classname="dsBetaTestClient::ds_glm_o()_errors" name="glm_errors"/>
  </testsuite>
  <testsuite name="dsBetaTestClient::ds.glm.o 1 done" timestamp="2019-03-22 21:54:46" hostname="fv-az592" tests="0" skipped="0" failures="0" errors="0" time="0"/>
  <testsuite name="dsBetaTestClient::ds.glm.o 2" timestamp="2019-03-22 21:54:46" hostname="fv-az592" tests="0" skipped="0" failures="0" errors="0" time="0"/>
  <testsuite name="dsBetaTestClient::ds.glm.o(): Standard Gaussian regression model for piecewise exponential regression analysis" timestamp="2019-03-22 21:54:48" hostname="fv-az592" tests="3" skipped="0" failures="0" errors="0" time="3.71">
    <testcase time="3.71" classname="dsBetaTestClient::ds_glm_o():_Standard_Gaussian_regression_model_for_piecewise_exponential_regression_analysis" name="glm_gaussian"/>
    <testcase time="0" classname="dsBetaTestClient::ds_glm_o():_Standard_Gaussian_regression_model_for_piecewise_exponential_regression_analysis" name="glm_gaussian"/>
    <testcase time="0" classname="dsBetaTestClient::ds_glm_o():_Standard_Gaussian_regression_model_for_piecewise_exponential_regression_analysis" name="glm_gaussian"/>
  </testsuite>
  <testsuite name="dsBetaTestClient::ds.glm.o 2 done" timestamp="2019-03-22 21:54:50" hostname="fv-az592" tests="0" skipped="0" failures="0" errors="0" time="0"/>
  <testsuite name="dsBetaTestClient::ds.listOpals.o" timestamp="2019-03-22 21:54:50" hostname="fv-az592" tests="0" skipped="0" failures="0" errors="0" time="0"/>
  <testsuite name="dsBetaTestClient::ds.listOpals.o()" timestamp="2019-03-22 21:54:52" hostname="fv-az592" tests="1" skipped="1" failures="0" errors="0" time="2.23">
    <testcase time="2.23" classname="dsBetaTestClient::ds_listOpals_o()" name="check_list_opals">
      <skipped/>
    </testcase>
  </testsuite>
  <testsuite name="dsBetaTestClient::ds.listOpals.o done" timestamp="2019-03-22 21:54:52" hostname="fv-az592" tests="0" skipped="0" failures="0" errors="0" time="0"/>
  <testsuite name="dsBetaTestClient::ds.mean.o" timestamp="2019-03-22 21:54:52" hostname="fv-az592" tests="0" skipped="0" failures="0" errors="0" time="0"/>
  <testsuite name="dsBetaTestClient::ds.mean.o(type=combine)" timestamp="2019-03-22 21:54:54" hostname="fv-az592" tests="2" skipped="0" failures="0" errors="0" time="2.54">
    <testcase time="2.54" classname="dsBetaTestClient::ds_mean_o(type=combine)" name="mean_values_[combine]"/>
    <testcase time="0" classname="dsBetaTestClient::ds_mean_o(type=combine)" name="mean_values_[combine]"/>
  </testsuite>
  <testsuite name="dsBetaTestClient::ds.mean.o(type=combine) loose" timestamp="2019-03-22 21:54:54" hostname="fv-az592" tests="2" skipped="0" failures="0" errors="0" time="0.41">
    <testcase time="0.41" classname="dsBetaTestClient::ds_mean_o(type=combine)_loose" name="mean_values_[combine]_loose"/>
    <testcase time="0" classname="dsBetaTestClient::ds_mean_o(type=combine)_loose" name="mean_values_[combine]_loose"/>
  </testsuite>
  <testsuite name="dsBetaTestClient::ds.mean.o(type=split)" timestamp="2019-03-22 21:54:55" hostname="fv-az592" tests="6" skipped="0" failures="0" errors="0" time="0.27">
    <testcase time="0.27" classname="dsBetaTestClient::ds_mean_o(type=split)" name="mean_values_[split]"/>
    <testcase time="0" classname="dsBetaTestClient::ds_mean_o(type=split)" name="mean_values_[split]"/>
    <testcase time="0" classname="dsBetaTestClient::ds_mean_o(type=split)" name="mean_values_[split]"/>
    <testcase time="0" classname="dsBetaTestClient::ds_mean_o(type=split)" name="mean_values_[split]"/>
    <testcase time="0" classname="dsBetaTestClient::ds_mean_o(type=split)" name="mean_values_[split]"/>
    <testcase time="0" classname="dsBetaTestClient::ds_mean_o(type=split)" name="mean_values_[split]"/>
  </testsuite>
  <testsuite name="dsBetaTestClient::ds.mean.o() test errors" timestamp="2019-03-22 21:54:55" hostname="fv-az592" tests="1" skipped="0" failures="0" errors="0" time="1.08">
    <testcase time="1.08" classname="dsBetaTestClient::ds_mean_o()_test_errors" name="mean_erros"/>
  </testsuite>
  <testsuite name="dsBetaTestClient::ds.mean.o done" timestamp="2019-03-22 21:54:56" hostname="fv-az592" tests="0" skipped="0" failures="0" errors="0" time="0"/>
  <testsuite name="dsBetaTestClient::ds.recodeValues.o" timestamp="2019-03-22 21:54:56" hostname="fv-az592" tests="0" skipped="0" failures="0" errors="0" time="0"/>
  <testsuite name="dsBetaTestClient::ds.recodeValues.o(...) valid arguments" timestamp="2019-03-22 21:54:58" hostname="fv-az592" tests="2" skipped="0" failures="0" errors="0" time="3.45">
    <testcase time="3.45" classname="dsBetaTestClient::ds_recodeValues_o(___)_valid_arguments" name="recodeValues_checks"/>
    <testcase time="0" classname="dsBetaTestClient::ds_recodeValues_o(___)_valid_arguments" name="recodeValues_checks"/>
  </testsuite>
  <testsuite name="dsBetaTestClient::ds.recodeValues.o(...) invalid arguments" timestamp="2019-03-22 21:54:59" hostname="fv-az592" tests="5" skipped="0" failures="0" errors="0" time="0.06">
    <testcase time="0.06" classname="dsBetaTestClient::ds_recodeValues_o(___)_invalid_arguments" name="recodeValues_erros"/>
    <testcase time="0" classname="dsBetaTestClient::ds_recodeValues_o(___)_invalid_arguments" name="recodeValues_erros"/>
    <testcase time="0" classname="dsBetaTestClient::ds_recodeValues_o(___)_invalid_arguments" name="recodeValues_erros"/>
    <testcase time="0" classname="dsBetaTestClient::ds_recodeValues_o(___)_invalid_arguments" name="recodeValues_erros"/>
    <testcase time="0" classname="dsBetaTestClient::ds_recodeValues_o(___)_invalid_arguments" name="recodeValues_erros"/>
  </testsuite>
  <testsuite name="dsBetaTestClient::ds.recodeValues.o done" timestamp="2019-03-22 21:55:00" hostname="fv-az592" tests="0" skipped="0" failures="0" errors="0" time="0"/>
  <testsuite name="dsBetaTestClient::ds.rm.o" timestamp="2019-03-22 21:55:00" hostname="fv-az592" tests="0" skipped="0" failures="0" errors="0" time="0"/>
  <testsuite name="dsBetaTestClient::ds.rm.o()" timestamp="2019-03-22 21:55:02" hostname="fv-az592" tests="1" skipped="0" failures="0" errors="0" time="2.46">
    <testcase time="2.46" classname="dsBetaTestClient::ds_rm_o()" name="mean_values_[combine]"/>
  </testsuite>
  <testsuite name="dsBetaTestClient::ds.rm.o done" timestamp="2019-03-22 21:55:02" hostname="fv-az592" tests="0" skipped="0" failures="0" errors="0" time="0"/>
  <testsuite name="dsBetaTestClient::ds.setDefaultOpals.o" timestamp="2019-03-22 21:55:02" hostname="fv-az592" tests="0" skipped="0" failures="0" errors="0" time="0"/>
  <testsuite name="dsBetaTestClient::ds.setDefaultOpals.o()" timestamp="2019-03-22 21:55:04" hostname="fv-az592" tests="2" skipped="0" failures="0" errors="0" time="2.2">
    <testcase time="2.19" classname="dsBetaTestClient::ds_setDefaultOpals_o()" name="check_set_default_opals"/>
    <testcase time="0.01" classname="dsBetaTestClient::ds_setDefaultOpals_o()" name="check_set_default_opals"/>
  </testsuite>
  <testsuite name="dsBetaTestClient::ds.setDefaultOpals.o done" timestamp="2019-03-22 21:55:04" hostname="fv-az592" tests="0" skipped="0" failures="0" errors="0" time="0"/>
</testsuites>
