<?xml version="1.0" encoding="UTF-8"?>
<testsuites>
  <testsuite name="Returns expected numerical value" timestamp="2019-06-05 11:40:45" hostname="fv-az679" tests="4" skipped="0" failures="0" errors="0" time="14.55">
    <testcase time="5.55" classname="Returns_expected_numerical_value" name="combined_data_set"/>
    <testcase time="3.15" classname="Returns_expected_numerical_value" name="split_dataset"/>
    <testcase time="2.92" classname="Returns_expected_numerical_value" name="split_dataset"/>
    <testcase time="2.93" classname="Returns_expected_numerical_value" name="split_dataset"/>
  </testsuite>
  <testsuite name="Mathematical properties" timestamp="2019-06-05 11:40:59" hostname="fv-az679" tests="1" skipped="0" failures="0" errors="0" time="5.43">
    <testcase time="5.43" classname="Mathematical_properties" name="every_factor_should_be_unique"/>
  </testsuite>
  <testsuite name="dsBetaTestClient::ds.listDisclosureSettings.o:smoke" timestamp="2019-06-05 11:41:05" hostname="fv-az679" tests="0" skipped="0" failures="0" errors="0" time="0"/>
  <testsuite name="dsBetaTestClient::ds.listDisclosureSettings.o():smoke check results" timestamp="2019-06-05 11:41:09" hostname="fv-az679" tests="31" skipped="0" failures="0" errors="0" time="4.63">
    <testcase time="4.63" classname="dsBetaTestClient_ds.listDisclosureSettings.o_smoke_check_results" name="check_results"/>
    <testcase time="0" classname="dsBetaTestClient_ds.listDisclosureSettings.o_smoke_check_results" name="check_results"/>
    <testcase time="0" classname="dsBetaTestClient_ds.listDisclosureSettings.o_smoke_check_results" name="check_results"/>
    <testcase time="0" classname="dsBetaTestClient_ds.listDisclosureSettings.o_smoke_check_results" name="check_results"/>
    <testcase time="0" classname="dsBetaTestClient_ds.listDisclosureSettings.o_smoke_check_results" name="check_results"/>
    <testcase time="0" classname="dsBetaTestClient_ds.listDisclosureSettings.o_smoke_check_results" name="check_results"/>
    <testcase time="0" classname="dsBetaTestClient_ds.listDisclosureSettings.o_smoke_check_results" name="check_results"/>
    <testcase time="0" classname="dsBetaTestClient_ds.listDisclosureSettings.o_smoke_check_results" name="check_results"/>
    <testcase time="0" classname="dsBetaTestClient_ds.listDisclosureSettings.o_smoke_check_results" name="check_results"/>
    <testcase time="0" classname="dsBetaTestClient_ds.listDisclosureSettings.o_smoke_check_results" name="check_results"/>
    <testcase time="0" classname="dsBetaTestClient_ds.listDisclosureSettings.o_smoke_check_results" name="check_results"/>
    <testcase time="0" classname="dsBetaTestClient_ds.listDisclosureSettings.o_smoke_check_results" name="check_results"/>
    <testcase time="0" classname="dsBetaTestClient_ds.listDisclosureSettings.o_smoke_check_results" name="check_results"/>
    <testcase time="0" classname="dsBetaTestClient_ds.listDisclosureSettings.o_smoke_check_results" name="check_results"/>
    <testcase time="0" classname="dsBetaTestClient_ds.listDisclosureSettings.o_smoke_check_results" name="check_results"/>
    <testcase time="0" classname="dsBetaTestClient_ds.listDisclosureSettings.o_smoke_check_results" name="check_results"/>
    <testcase time="0" classname="dsBetaTestClient_ds.listDisclosureSettings.o_smoke_check_results" name="check_results"/>
    <testcase time="0" classname="dsBetaTestClient_ds.listDisclosureSettings.o_smoke_check_results" name="check_results"/>
    <testcase time="0" classname="dsBetaTestClient_ds.listDisclosureSettings.o_smoke_check_results" name="check_results"/>
    <testcase time="0" classname="dsBetaTestClient_ds.listDisclosureSettings.o_smoke_check_results" name="check_results"/>
    <testcase time="0" classname="dsBetaTestClient_ds.listDisclosureSettings.o_smoke_check_results" name="check_results"/>
    <testcase time="0" classname="dsBetaTestClient_ds.listDisclosureSettings.o_smoke_check_results" name="check_results"/>
    <testcase time="0" classname="dsBetaTestClient_ds.listDisclosureSettings.o_smoke_check_results" name="check_results"/>
    <testcase time="0" classname="dsBetaTestClient_ds.listDisclosureSettings.o_smoke_check_results" name="check_results"/>
    <testcase time="0" classname="dsBetaTestClient_ds.listDisclosureSettings.o_smoke_check_results" name="check_results"/>
    <testcase time="0" classname="dsBetaTestClient_ds.listDisclosureSettings.o_smoke_check_results" name="check_results"/>
    <testcase time="0" classname="dsBetaTestClient_ds.listDisclosureSettings.o_smoke_check_results" name="check_results"/>
    <testcase time="0" classname="dsBetaTestClient_ds.listDisclosureSettings.o_smoke_check_results" name="check_results"/>
    <testcase time="0" classname="dsBetaTestClient_ds.listDisclosureSettings.o_smoke_check_results" name="check_results"/>
    <testcase time="0" classname="dsBetaTestClient_ds.listDisclosureSettings.o_smoke_check_results" name="check_results"/>
    <testcase time="0" classname="dsBetaTestClient_ds.listDisclosureSettings.o_smoke_check_results" name="check_results"/>
  </testsuite>
  <testsuite name="dsBetaTestClient::ds.listDisclosureSettings.o:smoke done" timestamp="2019-06-05 11:41:09" hostname="fv-az679" tests="0" skipped="0" failures="0" errors="0" time="0"/>
  <testsuite name="dsBetaTestClient::ds.listServersideFunctions.o:smoke" timestamp="2019-06-05 11:41:09" hostname="fv-az679" tests="0" skipped="0" failures="0" errors="0" time="0"/>
  <testsuite name="dsBetaTestClient::ds.listServersideFunctions.o():smoke check results" timestamp="2019-06-05 11:41:14" hostname="fv-az679" tests="15" skipped="0" failures="0" errors="0" time="4.44">
    <testcase time="4.44" classname="dsBetaTestClient_ds.listServersideFunctions.o_smoke_check_results" name="check_results"/>
    <testcase time="0" classname="dsBetaTestClient_ds.listServersideFunctions.o_smoke_check_results" name="check_results"/>
    <testcase time="0" classname="dsBetaTestClient_ds.listServersideFunctions.o_smoke_check_results" name="check_results"/>
    <testcase time="0" classname="dsBetaTestClient_ds.listServersideFunctions.o_smoke_check_results" name="check_results"/>
    <testcase time="0" classname="dsBetaTestClient_ds.listServersideFunctions.o_smoke_check_results" name="check_results"/>
    <testcase time="0" classname="dsBetaTestClient_ds.listServersideFunctions.o_smoke_check_results" name="check_results"/>
    <testcase time="0" classname="dsBetaTestClient_ds.listServersideFunctions.o_smoke_check_results" name="check_results"/>
    <testcase time="0" classname="dsBetaTestClient_ds.listServersideFunctions.o_smoke_check_results" name="check_results"/>
    <testcase time="0" classname="dsBetaTestClient_ds.listServersideFunctions.o_smoke_check_results" name="check_results"/>
    <testcase time="0" classname="dsBetaTestClient_ds.listServersideFunctions.o_smoke_check_results" name="check_results"/>
    <testcase time="0" classname="dsBetaTestClient_ds.listServersideFunctions.o_smoke_check_results" name="check_results"/>
    <testcase time="0" classname="dsBetaTestClient_ds.listServersideFunctions.o_smoke_check_results" name="check_results"/>
    <testcase time="0" classname="dsBetaTestClient_ds.listServersideFunctions.o_smoke_check_results" name="check_results"/>
    <testcase time="0" classname="dsBetaTestClient_ds.listServersideFunctions.o_smoke_check_results" name="check_results"/>
    <testcase time="0" classname="dsBetaTestClient_ds.listServersideFunctions.o_smoke_check_results" name="check_results"/>
  </testsuite>
  <testsuite name="dsBetaTestClient::ds.listServersideFunctions.o:smoke done" timestamp="2019-06-05 11:41:14" hostname="fv-az679" tests="0" skipped="0" failures="0" errors="0" time="0"/>
  <testsuite name="Returns expected numerical value" timestamp="2019-06-05 11:41:18" hostname="fv-az679" tests="32" skipped="0" failures="0" errors="0" time="17.65">
    <testcase time="5.48" classname="Returns_expected_numerical_value" name="combined_data_set"/>
    <testcase time="0.9" classname="Returns_expected_numerical_value" name="combined_data_set"/>
    <testcase time="0.83" classname="Returns_expected_numerical_value" name="combined_data_set"/>
    <testcase time="0.81" classname="Returns_expected_numerical_value" name="combined_data_set"/>
    <testcase time="0.81" classname="Returns_expected_numerical_value" name="combined_data_set"/>
    <testcase time="0.82" classname="Returns_expected_numerical_value" name="combined_data_set"/>
    <testcase time="0.81" classname="Returns_expected_numerical_value" name="combined_data_set"/>
    <testcase time="0.8" classname="Returns_expected_numerical_value" name="combined_data_set"/>
    <testcase time="0.8" classname="Returns_expected_numerical_value" name="split_dataset"/>
    <testcase time="0" classname="Returns_expected_numerical_value" name="split_dataset"/>
    <testcase time="0" classname="Returns_expected_numerical_value" name="split_dataset"/>
    <testcase time="0.8" classname="Returns_expected_numerical_value" name="split_dataset"/>
    <testcase time="0" classname="Returns_expected_numerical_value" name="split_dataset"/>
    <testcase time="0" classname="Returns_expected_numerical_value" name="split_dataset"/>
    <testcase time="0.8" classname="Returns_expected_numerical_value" name="split_dataset"/>
    <testcase time="0" classname="Returns_expected_numerical_value" name="split_dataset"/>
    <testcase time="0" classname="Returns_expected_numerical_value" name="split_dataset"/>
    <testcase time="0.79" classname="Returns_expected_numerical_value" name="split_dataset"/>
    <testcase time="0" classname="Returns_expected_numerical_value" name="split_dataset"/>
    <testcase time="0" classname="Returns_expected_numerical_value" name="split_dataset"/>
    <testcase time="0.82" classname="Returns_expected_numerical_value" name="split_dataset"/>
    <testcase time="0" classname="Returns_expected_numerical_value" name="split_dataset"/>
    <testcase time="0" classname="Returns_expected_numerical_value" name="split_dataset"/>
    <testcase time="0.79" classname="Returns_expected_numerical_value" name="split_dataset"/>
    <testcase time="0" classname="Returns_expected_numerical_value" name="split_dataset"/>
    <testcase time="0" classname="Returns_expected_numerical_value" name="split_dataset"/>
    <testcase time="0.79" classname="Returns_expected_numerical_value" name="split_dataset"/>
    <testcase time="0" classname="Returns_expected_numerical_value" name="split_dataset"/>
    <testcase time="0" classname="Returns_expected_numerical_value" name="split_dataset"/>
    <testcase time="0.8" classname="Returns_expected_numerical_value" name="split_dataset"/>
    <testcase time="0" classname="Returns_expected_numerical_value" name="split_dataset"/>
    <testcase time="0" classname="Returns_expected_numerical_value" name="split_dataset"/>
  </testsuite>
  <testsuite name="Mathematical properties" timestamp="2019-06-05 11:41:31" hostname="fv-az679" tests="8" skipped="0" failures="0" errors="0" time="6.4">
    <testcase time="0.8" classname="Mathematical_properties" name="residual_deviation_tends_to_0"/>
    <testcase time="0.8" classname="Mathematical_properties" name="residual_deviation_tends_to_0"/>
    <testcase time="0.8" classname="Mathematical_properties" name="residual_deviation_tends_to_0"/>
    <testcase time="0.8" classname="Mathematical_properties" name="residual_deviation_tends_to_0"/>
    <testcase time="0.8" classname="Mathematical_properties" name="residual_deviation_tends_to_0"/>
    <testcase time="0.8" classname="Mathematical_properties" name="residual_deviation_tends_to_0"/>
    <testcase time="0.8" classname="Mathematical_properties" name="residual_deviation_tends_to_0"/>
    <testcase time="0.8" classname="Mathematical_properties" name="residual_deviation_tends_to_0"/>
  </testsuite>
  <testsuite name="ds.asCharacter.o()::smoke::simple test" timestamp="2019-06-05 11:41:42" hostname="fv-az679" tests="3" skipped="0" failures="0" errors="0" time="5">
    <testcase time="5" classname="ds.asCharacter.o_smoke_simple_test" name="simple_test"/>
    <testcase time="0" classname="ds.asCharacter.o_smoke_simple_test" name="simple_test"/>
    <testcase time="0" classname="ds.asCharacter.o_smoke_simple_test" name="simple_test"/>
  </testsuite>
  <testsuite name="ds.asFactor.o()::smoke" timestamp="2019-06-05 11:41:47" hostname="fv-az679" tests="0" skipped="0" failures="0" errors="0" time="0"/>
  <testsuite name="ds.asFactor.o()::smoke::force.factor.levels" timestamp="2019-06-05 11:41:48" hostname="fv-az679" tests="20" skipped="0" failures="0" errors="0" time="15.84">
    <testcase time="7.3" classname="ds.asFactor.o_smoke_force.factor.levels" name="with_no_force.factor.levels"/>
    <testcase time="0" classname="ds.asFactor.o_smoke_force.factor.levels" name="with_no_force.factor.levels"/>
    <testcase time="0" classname="ds.asFactor.o_smoke_force.factor.levels" name="with_no_force.factor.levels"/>
    <testcase time="0" classname="ds.asFactor.o_smoke_force.factor.levels" name="with_no_force.factor.levels"/>
    <testcase time="2.12" classname="ds.asFactor.o_smoke_force.factor.levels" name="with_forced.factor.levels_of_1_6"/>
    <testcase time="0" classname="ds.asFactor.o_smoke_force.factor.levels" name="with_forced.factor.levels_of_1_6"/>
    <testcase time="0" classname="ds.asFactor.o_smoke_force.factor.levels" name="with_forced.factor.levels_of_1_6"/>
    <testcase time="0" classname="ds.asFactor.o_smoke_force.factor.levels" name="with_forced.factor.levels_of_1_6"/>
    <testcase time="2.17" classname="ds.asFactor.o_smoke_force.factor.levels" name="with_force.factor.levels_of_0_10"/>
    <testcase time="0" classname="ds.asFactor.o_smoke_force.factor.levels" name="with_force.factor.levels_of_0_10"/>
    <testcase time="0" classname="ds.asFactor.o_smoke_force.factor.levels" name="with_force.factor.levels_of_0_10"/>
    <testcase time="0" classname="ds.asFactor.o_smoke_force.factor.levels" name="with_force.factor.levels_of_0_10"/>
    <testcase time="2.14" classname="ds.asFactor.o_smoke_force.factor.levels" name="with_force.factor.levels_of_2_3"/>
    <testcase time="0" classname="ds.asFactor.o_smoke_force.factor.levels" name="with_force.factor.levels_of_2_3"/>
    <testcase time="0" classname="ds.asFactor.o_smoke_force.factor.levels" name="with_force.factor.levels_of_2_3"/>
    <testcase time="0" classname="ds.asFactor.o_smoke_force.factor.levels" name="with_force.factor.levels_of_2_3"/>
    <testcase time="2.11" classname="ds.asFactor.o_smoke_force.factor.levels" name="with_force.factor.levels_of_c_1_2_3_4_a_h_5_"/>
    <testcase time="0" classname="ds.asFactor.o_smoke_force.factor.levels" name="with_force.factor.levels_of_c_1_2_3_4_a_h_5_"/>
    <testcase time="0" classname="ds.asFactor.o_smoke_force.factor.levels" name="with_force.factor.levels_of_c_1_2_3_4_a_h_5_"/>
    <testcase time="0" classname="ds.asFactor.o_smoke_force.factor.levels" name="with_force.factor.levels_of_c_1_2_3_4_a_h_5_"/>
  </testsuite>
  <testsuite name="ds.asFactor.o()::smoke::fixed.dummy.vars" timestamp="2019-06-05 11:41:59" hostname="fv-az679" tests="6" skipped="0" failures="0" errors="0" time="2.71">
    <testcase time="1.35" classname="ds.asFactor.o_smoke_fixed.dummy.vars" name="with_fixed.dummy.vars_of_TRUE"/>
    <testcase time="0" classname="ds.asFactor.o_smoke_fixed.dummy.vars" name="with_fixed.dummy.vars_of_TRUE"/>
    <testcase time="0" classname="ds.asFactor.o_smoke_fixed.dummy.vars" name="with_fixed.dummy.vars_of_TRUE"/>
    <testcase time="1.36" classname="ds.asFactor.o_smoke_fixed.dummy.vars" name="with_fixed.dummy.vars_of_TRUE_and_baseline.level_of_6"/>
    <testcase time="0" classname="ds.asFactor.o_smoke_fixed.dummy.vars" name="with_fixed.dummy.vars_of_TRUE_and_baseline.level_of_6"/>
    <testcase time="0" classname="ds.asFactor.o_smoke_fixed.dummy.vars" name="with_fixed.dummy.vars_of_TRUE_and_baseline.level_of_6"/>
  </testsuite>
  <testsuite name="ds.asInteger.o()::smoke::simple test" timestamp="2019-06-05 11:42:05" hostname="fv-az679" tests="3" skipped="0" failures="0" errors="0" time="4.87">
    <testcase time="4.87" classname="ds.asInteger.o_smoke_simple_test" name="simple_test"/>
    <testcase time="0" classname="ds.asInteger.o_smoke_simple_test" name="simple_test"/>
    <testcase time="0" classname="ds.asInteger.o_smoke_simple_test" name="simple_test"/>
  </testsuite>
  <testsuite name="ds.asNumeric.o()::smoke::simple test" timestamp="2019-06-05 11:42:10" hostname="fv-az679" tests="3" skipped="0" failures="0" errors="0" time="4.92">
    <testcase time="4.92" classname="ds.asNumeric.o_smoke_simple_test" name="simple_test"/>
    <testcase time="0" classname="ds.asNumeric.o_smoke_simple_test" name="simple_test"/>
    <testcase time="0" classname="ds.asNumeric.o_smoke_simple_test" name="simple_test"/>
  </testsuite>
  <testsuite name="ds.cbind.o()::smoke" timestamp="2019-06-05 11:42:15" hostname="fv-az679" tests="5" skipped="0" failures="0" errors="0" time="6.65">
    <testcase time="6.12" classname="ds.cbind.o_smoke" name="simple_test"/>
    <testcase time="0" classname="ds.cbind.o_smoke" name="simple_test"/>
    <testcase time="0.53" classname="ds.cbind.o_smoke" name="simple_test"/>
    <testcase time="0" classname="ds.cbind.o_smoke" name="simple_test"/>
    <testcase time="0" classname="ds.cbind.o_smoke" name="simple_test"/>
  </testsuite>
  <testsuite name="ds.cor.o()::smoke" timestamp="2019-06-05 11:42:22" hostname="fv-az679" tests="19" skipped="0" failures="0" errors="0" time="5.57">
    <testcase time="5.57" classname="ds.cor.o_smoke" name="simple_test"/>
    <testcase time="0" classname="ds.cor.o_smoke" name="simple_test"/>
    <testcase time="0" classname="ds.cor.o_smoke" name="simple_test"/>
    <testcase time="0" classname="ds.cor.o_smoke" name="simple_test"/>
    <testcase time="0" classname="ds.cor.o_smoke" name="simple_test"/>
    <testcase time="0" classname="ds.cor.o_smoke" name="simple_test"/>
    <testcase time="0" classname="ds.cor.o_smoke" name="simple_test"/>
    <testcase time="0" classname="ds.cor.o_smoke" name="simple_test"/>
    <testcase time="0" classname="ds.cor.o_smoke" name="simple_test"/>
    <testcase time="0" classname="ds.cor.o_smoke" name="simple_test"/>
    <testcase time="0" classname="ds.cor.o_smoke" name="simple_test"/>
    <testcase time="0" classname="ds.cor.o_smoke" name="simple_test"/>
    <testcase time="0" classname="ds.cor.o_smoke" name="simple_test"/>
    <testcase time="0" classname="ds.cor.o_smoke" name="simple_test"/>
    <testcase time="0" classname="ds.cor.o_smoke" name="simple_test"/>
    <testcase time="0" classname="ds.cor.o_smoke" name="simple_test"/>
    <testcase time="0" classname="ds.cor.o_smoke" name="simple_test"/>
    <testcase time="0" classname="ds.cor.o_smoke" name="simple_test"/>
    <testcase time="0" classname="ds.cor.o_smoke" name="simple_test"/>
  </testsuite>
  <testsuite name="ds.cov.o()::smoke" timestamp="2019-06-05 11:42:28" hostname="fv-az679" tests="19" skipped="0" failures="0" errors="0" time="5.69">
    <testcase time="5.69" classname="ds.cov.o_smoke" name="simple_test"/>
    <testcase time="0" classname="ds.cov.o_smoke" name="simple_test"/>
    <testcase time="0" classname="ds.cov.o_smoke" name="simple_test"/>
    <testcase time="0" classname="ds.cov.o_smoke" name="simple_test"/>
    <testcase time="0" classname="ds.cov.o_smoke" name="simple_test"/>
    <testcase time="0" classname="ds.cov.o_smoke" name="simple_test"/>
    <testcase time="0" classname="ds.cov.o_smoke" name="simple_test"/>
    <testcase time="0" classname="ds.cov.o_smoke" name="simple_test"/>
    <testcase time="0" classname="ds.cov.o_smoke" name="simple_test"/>
    <testcase time="0" classname="ds.cov.o_smoke" name="simple_test"/>
    <testcase time="0" classname="ds.cov.o_smoke" name="simple_test"/>
    <testcase time="0" classname="ds.cov.o_smoke" name="simple_test"/>
    <testcase time="0" classname="ds.cov.o_smoke" name="simple_test"/>
    <testcase time="0" classname="ds.cov.o_smoke" name="simple_test"/>
    <testcase time="0" classname="ds.cov.o_smoke" name="simple_test"/>
    <testcase time="0" classname="ds.cov.o_smoke" name="simple_test"/>
    <testcase time="0" classname="ds.cov.o_smoke" name="simple_test"/>
    <testcase time="0" classname="ds.cov.o_smoke" name="simple_test"/>
    <testcase time="0" classname="ds.cov.o_smoke" name="simple_test"/>
  </testsuite>
  <testsuite name="ds.dataFrame.o()::smoke::create a dataframe" timestamp="2019-06-05 11:42:33" hostname="fv-az679" tests="3" skipped="0" failures="0" errors="0" time="5.81">
    <testcase time="5.81" classname="ds.dataFrame.o_smoke_create_a_dataframe" name="dataframe_exists"/>
    <testcase time="0" classname="ds.dataFrame.o_smoke_create_a_dataframe" name="dataframe_exists"/>
    <testcase time="0" classname="ds.dataFrame.o_smoke_create_a_dataframe" name="dataframe_exists"/>
  </testsuite>
  <testsuite name="ds.dataFrame.o()::smoke::errors" timestamp="2019-06-05 11:42:35" hostname="fv-az679" tests="1" skipped="0" failures="0" errors="0" time="0.09">
    <testcase time="0.09" classname="ds.dataFrame.o_smoke_errors" name="dataframe_errors"/>
  </testsuite>
  <testsuite name="ds.dataFrameSort.o()::smoke::create a sorted dataframe" timestamp="2019-06-05 11:42:39" hostname="fv-az679" tests="3" skipped="0" failures="0" errors="0" time="6.31">
    <testcase time="6.31" classname="ds.dataFrameSort.o_smoke_create_a_sorted_dataframe" name="dataFrameSort_exists"/>
    <testcase time="0" classname="ds.dataFrameSort.o_smoke_create_a_sorted_dataframe" name="dataFrameSort_exists"/>
    <testcase time="0" classname="ds.dataFrameSort.o_smoke_create_a_sorted_dataframe" name="dataFrameSort_exists"/>
  </testsuite>
  <testsuite name="ds.dataFrameSubset.o()::smoke::create a subset dataframe" timestamp="2019-06-05 11:42:45" hostname="fv-az679" tests="3" skipped="0" failures="0" errors="0" time="7.32">
    <testcase time="7.32" classname="ds.dataFrameSubset.o_smoke_create_a_subset_dataframe" name="dataFrameSubset_exists"/>
    <testcase time="0" classname="ds.dataFrameSubset.o_smoke_create_a_subset_dataframe" name="dataFrameSubset_exists"/>
    <testcase time="0" classname="ds.dataFrameSubset.o_smoke_create_a_subset_dataframe" name="dataFrameSubset_exists"/>
  </testsuite>
  <testsuite name="ds.dim.o()::smoke" timestamp="2019-06-05 11:42:53" hostname="fv-az679" tests="4" skipped="0" failures="0" errors="0" time="4.43">
    <testcase time="4.43" classname="ds.dim.o_smoke" name="simple_dim"/>
    <testcase time="0" classname="ds.dim.o_smoke" name="simple_dim"/>
    <testcase time="0" classname="ds.dim.o_smoke" name="simple_dim"/>
    <testcase time="0" classname="ds.dim.o_smoke" name="simple_dim"/>
  </testsuite>
  <testsuite name="ds.glm.o()::smoke::Standard Gaussian regression model for piecewise exponential regression analysis" timestamp="2019-06-05 11:42:57" hostname="fv-az679" tests="2" skipped="0" failures="0" errors="0" time="5.21">
    <testcase time="5.21" classname="ds.glm.o_smoke_Standard_Gaussian_regression_model_for_piecewise_exponential_regression_analysis" name="glm_gaussian"/>
    <testcase time="0" classname="ds.glm.o_smoke_Standard_Gaussian_regression_model_for_piecewise_exponential_regression_analysis" name="glm_gaussian"/>
  </testsuite>
  <testsuite name="ds.glmSLMA.o()::smoke" timestamp="2019-06-05 11:43:02" hostname="fv-az679" tests="36" skipped="0" failures="0" errors="0" time="4.63">
    <testcase time="4.52" classname="ds.glmSLMA.o_smoke" name="simple_glmSLMA"/>
    <testcase time="0.03" classname="ds.glmSLMA.o_smoke" name="simple_glmSLMA"/>
    <testcase time="0.03" classname="ds.glmSLMA.o_smoke" name="simple_glmSLMA"/>
    <testcase time="0.05" classname="ds.glmSLMA.o_smoke" name="simple_glmSLMA"/>
    <testcase time="0" classname="ds.glmSLMA.o_smoke" name="simple_glmSLMA"/>
    <testcase time="0" classname="ds.glmSLMA.o_smoke" name="simple_glmSLMA"/>
    <testcase time="0" classname="ds.glmSLMA.o_smoke" name="simple_glmSLMA"/>
    <testcase time="0" classname="ds.glmSLMA.o_smoke" name="simple_glmSLMA"/>
    <testcase time="0" classname="ds.glmSLMA.o_smoke" name="simple_glmSLMA"/>
    <testcase time="0" classname="ds.glmSLMA.o_smoke" name="simple_glmSLMA"/>
    <testcase time="0" classname="ds.glmSLMA.o_smoke" name="simple_glmSLMA"/>
    <testcase time="0" classname="ds.glmSLMA.o_smoke" name="simple_glmSLMA"/>
    <testcase time="0" classname="ds.glmSLMA.o_smoke" name="simple_glmSLMA"/>
    <testcase time="0" classname="ds.glmSLMA.o_smoke" name="simple_glmSLMA"/>
    <testcase time="0" classname="ds.glmSLMA.o_smoke" name="simple_glmSLMA"/>
    <testcase time="0" classname="ds.glmSLMA.o_smoke" name="simple_glmSLMA"/>
    <testcase time="0" classname="ds.glmSLMA.o_smoke" name="simple_glmSLMA"/>
    <testcase time="0" classname="ds.glmSLMA.o_smoke" name="simple_glmSLMA"/>
    <testcase time="0" classname="ds.glmSLMA.o_smoke" name="simple_glmSLMA"/>
    <testcase time="0" classname="ds.glmSLMA.o_smoke" name="simple_glmSLMA"/>
    <testcase time="0" classname="ds.glmSLMA.o_smoke" name="simple_glmSLMA"/>
    <testcase time="0" classname="ds.glmSLMA.o_smoke" name="simple_glmSLMA"/>
    <testcase time="0" classname="ds.glmSLMA.o_smoke" name="simple_glmSLMA"/>
    <testcase time="0" classname="ds.glmSLMA.o_smoke" name="simple_glmSLMA"/>
    <testcase time="0" classname="ds.glmSLMA.o_smoke" name="simple_glmSLMA"/>
    <testcase time="0" classname="ds.glmSLMA.o_smoke" name="simple_glmSLMA"/>
    <testcase time="0" classname="ds.glmSLMA.o_smoke" name="simple_glmSLMA"/>
    <testcase time="0" classname="ds.glmSLMA.o_smoke" name="simple_glmSLMA"/>
    <testcase time="0" classname="ds.glmSLMA.o_smoke" name="simple_glmSLMA"/>
    <testcase time="0" classname="ds.glmSLMA.o_smoke" name="simple_glmSLMA"/>
    <testcase time="0" classname="ds.glmSLMA.o_smoke" name="simple_glmSLMA"/>
    <testcase time="0" classname="ds.glmSLMA.o_smoke" name="simple_glmSLMA"/>
    <testcase time="0" classname="ds.glmSLMA.o_smoke" name="simple_glmSLMA"/>
    <testcase time="0" classname="ds.glmSLMA.o_smoke" name="simple_glmSLMA"/>
    <testcase time="0" classname="ds.glmSLMA.o_smoke" name="simple_glmSLMA"/>
    <testcase time="0" classname="ds.glmSLMA.o_smoke" name="simple_glmSLMA"/>
  </testsuite>
  <testsuite name="ds.length.o()::smoke" timestamp="2019-06-05 11:43:07" hostname="fv-az679" tests="4" skipped="0" failures="0" errors="0" time="4.35">
    <testcase time="4.35" classname="ds.length.o_smoke" name="basic_length"/>
    <testcase time="0" classname="ds.length.o_smoke" name="basic_length"/>
    <testcase time="0" classname="ds.length.o_smoke" name="basic_length"/>
    <testcase time="0" classname="ds.length.o_smoke" name="basic_length"/>
  </testsuite>
  <testsuite name="ds.matrixDet()::smoke" timestamp="2019-06-05 11:43:11" hostname="fv-az679" tests="7" skipped="0" failures="0" errors="0" time="6.18">
    <testcase time="5.66" classname="ds.matrixDet_smoke" name="simplest_ds.matrixDet"/>
    <testcase time="0" classname="ds.matrixDet_smoke" name="simplest_ds.matrixDet"/>
    <testcase time="0" classname="ds.matrixDet_smoke" name="simplest_ds.matrixDet"/>
    <testcase time="0.52" classname="ds.matrixDet_smoke" name="simplest_ds.matrixDet"/>
    <testcase time="0" classname="ds.matrixDet_smoke" name="simplest_ds.matrixDet"/>
    <testcase time="0" classname="ds.matrixDet_smoke" name="simplest_ds.matrixDet"/>
    <testcase time="0" classname="ds.matrixDet_smoke" name="simplest_ds.matrixDet"/>
  </testsuite>
  <testsuite name="ds.matrixDet.report()::smoke" timestamp="2019-06-05 11:43:18" hostname="fv-az679" tests="14" skipped="0" failures="0" errors="0" time="5.16">
    <testcase time="5.16" classname="ds.matrixDet.report_smoke" name="simplest_ds.matrixDet.report"/>
    <testcase time="0" classname="ds.matrixDet.report_smoke" name="simplest_ds.matrixDet.report"/>
    <testcase time="0" classname="ds.matrixDet.report_smoke" name="simplest_ds.matrixDet.report"/>
    <testcase time="0" classname="ds.matrixDet.report_smoke" name="simplest_ds.matrixDet.report"/>
    <testcase time="0" classname="ds.matrixDet.report_smoke" name="simplest_ds.matrixDet.report"/>
    <testcase time="0" classname="ds.matrixDet.report_smoke" name="simplest_ds.matrixDet.report"/>
    <testcase time="0" classname="ds.matrixDet.report_smoke" name="simplest_ds.matrixDet.report"/>
    <testcase time="0" classname="ds.matrixDet.report_smoke" name="simplest_ds.matrixDet.report"/>
    <testcase time="0" classname="ds.matrixDet.report_smoke" name="simplest_ds.matrixDet.report"/>
    <testcase time="0" classname="ds.matrixDet.report_smoke" name="simplest_ds.matrixDet.report"/>
    <testcase time="0" classname="ds.matrixDet.report_smoke" name="simplest_ds.matrixDet.report"/>
    <testcase time="0" classname="ds.matrixDet.report_smoke" name="simplest_ds.matrixDet.report"/>
    <testcase time="0" classname="ds.matrixDet.report_smoke" name="simplest_ds.matrixDet.report"/>
    <testcase time="0" classname="ds.matrixDet.report_smoke" name="simplest_ds.matrixDet.report"/>
  </testsuite>
  <testsuite name="ds.matrixDimnames()::smoke" timestamp="2019-06-05 11:43:23" hostname="fv-az679" tests="7" skipped="0" failures="0" errors="0" time="6.16">
    <testcase time="5.64" classname="ds.matrixDimnames_smoke" name="simplest_ds.matrixDimnames"/>
    <testcase time="0" classname="ds.matrixDimnames_smoke" name="simplest_ds.matrixDimnames"/>
    <testcase time="0" classname="ds.matrixDimnames_smoke" name="simplest_ds.matrixDimnames"/>
    <testcase time="0.52" classname="ds.matrixDimnames_smoke" name="simplest_ds.matrixDimnames"/>
    <testcase time="0" classname="ds.matrixDimnames_smoke" name="simplest_ds.matrixDimnames"/>
    <testcase time="0" classname="ds.matrixDimnames_smoke" name="simplest_ds.matrixDimnames"/>
    <testcase time="0" classname="ds.matrixDimnames_smoke" name="simplest_ds.matrixDimnames"/>
  </testsuite>
  <testsuite name="ds.matrixInvert()::smoke" timestamp="2019-06-05 11:43:29" hostname="fv-az679" tests="7" skipped="0" failures="0" errors="0" time="6.25">
    <testcase time="5.73" classname="ds.matrixInvert_smoke" name="simplest_ds.matrixInvert"/>
    <testcase time="0" classname="ds.matrixInvert_smoke" name="simplest_ds.matrixInvert"/>
    <testcase time="0" classname="ds.matrixInvert_smoke" name="simplest_ds.matrixInvert"/>
    <testcase time="0.52" classname="ds.matrixInvert_smoke" name="simplest_ds.matrixInvert"/>
    <testcase time="0" classname="ds.matrixInvert_smoke" name="simplest_ds.matrixInvert"/>
    <testcase time="0" classname="ds.matrixInvert_smoke" name="simplest_ds.matrixInvert"/>
    <testcase time="0" classname="ds.matrixInvert_smoke" name="simplest_ds.matrixInvert"/>
  </testsuite>
  <testsuite name="ds.matrixMult()::smoke" timestamp="2019-06-05 11:43:35" hostname="fv-az679" tests="7" skipped="0" failures="0" errors="0" time="7.06">
    <testcase time="6.53" classname="ds.matrixMult_smoke" name="simplest_ds.matrixMult"/>
    <testcase time="0" classname="ds.matrixMult_smoke" name="simplest_ds.matrixMult"/>
    <testcase time="0" classname="ds.matrixMult_smoke" name="simplest_ds.matrixMult"/>
    <testcase time="0.53" classname="ds.matrixMult_smoke" name="simplest_ds.matrixMult"/>
    <testcase time="0" classname="ds.matrixMult_smoke" name="simplest_ds.matrixMult"/>
    <testcase time="0" classname="ds.matrixMult_smoke" name="simplest_ds.matrixMult"/>
    <testcase time="0" classname="ds.matrixMult_smoke" name="simplest_ds.matrixMult"/>
  </testsuite>
  <testsuite name="ds.matrix()::smoke" timestamp="2019-06-05 11:43:42" hostname="fv-az679" tests="7" skipped="0" failures="0" errors="0" time="5.43">
    <testcase time="4.91" classname="ds.matrix_smoke" name="simplest_ds.matrix"/>
    <testcase time="0" classname="ds.matrix_smoke" name="simplest_ds.matrix"/>
    <testcase time="0" classname="ds.matrix_smoke" name="simplest_ds.matrix"/>
    <testcase time="0.52" classname="ds.matrix_smoke" name="simplest_ds.matrix"/>
    <testcase time="0" classname="ds.matrix_smoke" name="simplest_ds.matrix"/>
    <testcase time="0" classname="ds.matrix_smoke" name="simplest_ds.matrix"/>
    <testcase time="0" classname="ds.matrix_smoke" name="simplest_ds.matrix"/>
  </testsuite>
  <testsuite name="ds.matrixTranspose()::smoke" timestamp="2019-06-05 11:43:48" hostname="fv-az679" tests="7" skipped="0" failures="0" errors="0" time="6.15">
    <testcase time="5.63" classname="ds.matrixTranspose_smoke" name="simplest_ds.matrixTranspose"/>
    <testcase time="0" classname="ds.matrixTranspose_smoke" name="simplest_ds.matrixTranspose"/>
    <testcase time="0" classname="ds.matrixTranspose_smoke" name="simplest_ds.matrixTranspose"/>
    <testcase time="0.52" classname="ds.matrixTranspose_smoke" name="simplest_ds.matrixTranspose"/>
    <testcase time="0" classname="ds.matrixTranspose_smoke" name="simplest_ds.matrixTranspose"/>
    <testcase time="0" classname="ds.matrixTranspose_smoke" name="simplest_ds.matrixTranspose"/>
    <testcase time="0" classname="ds.matrixTranspose_smoke" name="simplest_ds.matrixTranspose"/>
  </testsuite>
  <testsuite name="ds.mean.o()::smoke::type=combine" timestamp="2019-06-05 11:43:54" hostname="fv-az679" tests="2" skipped="0" failures="0" errors="0" time="4.45">
    <testcase time="4.45" classname="ds.mean.o_smoke_type_combine" name="mean_values_combine_"/>
    <testcase time="0" classname="ds.mean.o_smoke_type_combine" name="mean_values_combine_"/>
  </testsuite>
  <testsuite name="ds.mean.o::smoke::type=combine loose" timestamp="2019-06-05 11:43:54" hostname="fv-az679" tests="2" skipped="0" failures="0" errors="0" time="0.27">
    <testcase time="0.27" classname="ds.mean.o_smoke_type_combine_loose" name="mean_values_combine_loose"/>
    <testcase time="0" classname="ds.mean.o_smoke_type_combine_loose" name="mean_values_combine_loose"/>
  </testsuite>
  <testsuite name="ds.mean.o::smoke::type=split" timestamp="2019-06-05 11:43:55" hostname="fv-az679" tests="6" skipped="0" failures="0" errors="0" time="0.27">
    <testcase time="0.27" classname="ds.mean.o_smoke_type_split" name="mean_values_split_"/>
    <testcase time="0" classname="ds.mean.o_smoke_type_split" name="mean_values_split_"/>
    <testcase time="0" classname="ds.mean.o_smoke_type_split" name="mean_values_split_"/>
    <testcase time="0" classname="ds.mean.o_smoke_type_split" name="mean_values_split_"/>
    <testcase time="0" classname="ds.mean.o_smoke_type_split" name="mean_values_split_"/>
    <testcase time="0" classname="ds.mean.o_smoke_type_split" name="mean_values_split_"/>
  </testsuite>
  <testsuite name="ds.mean.o()::smoke::test errors" timestamp="2019-06-05 11:43:55" hostname="fv-az679" tests="1" skipped="0" failures="0" errors="0" time="0.83">
    <testcase time="0.83" classname="ds.mean.o_smoke_test_errors" name="mean_erros"/>
  </testsuite>
  <testsuite name="ds.rbind.o()::smoke" timestamp="2019-06-05 11:44:00" hostname="fv-az679" tests="5" skipped="0" failures="0" errors="0" time="6.64">
    <testcase time="6.11" classname="ds.rbind.o_smoke" name="simple_test"/>
    <testcase time="0" classname="ds.rbind.o_smoke" name="simple_test"/>
    <testcase time="0.53" classname="ds.rbind.o_smoke" name="simple_test"/>
    <testcase time="0" classname="ds.rbind.o_smoke" name="simple_test"/>
    <testcase time="0" classname="ds.rbind.o_smoke" name="simple_test"/>
  </testsuite>
  <testsuite name="ds.rBinom.o()::smoke::simple test" timestamp="2019-06-05 11:44:06" hostname="fv-az679" tests="11" skipped="0" failures="0" errors="0" time="6.14">
    <testcase time="6.14" classname="ds.rBinom.o_smoke_simple_test" name="simple_test"/>
    <testcase time="0" classname="ds.rBinom.o_smoke_simple_test" name="simple_test"/>
    <testcase time="0" classname="ds.rBinom.o_smoke_simple_test" name="simple_test"/>
    <testcase time="0" classname="ds.rBinom.o_smoke_simple_test" name="simple_test"/>
    <testcase time="0" classname="ds.rBinom.o_smoke_simple_test" name="simple_test"/>
    <testcase time="0" classname="ds.rBinom.o_smoke_simple_test" name="simple_test"/>
    <testcase time="0" classname="ds.rBinom.o_smoke_simple_test" name="simple_test"/>
    <testcase time="0" classname="ds.rBinom.o_smoke_simple_test" name="simple_test"/>
    <testcase time="0" classname="ds.rBinom.o_smoke_simple_test" name="simple_test"/>
    <testcase time="0" classname="ds.rBinom.o_smoke_simple_test" name="simple_test"/>
    <testcase time="0" classname="ds.rBinom.o_smoke_simple_test" name="simple_test"/>
  </testsuite>
  <testsuite name="ds.rm.o()::smoke" timestamp="2019-06-05 11:44:13" hostname="fv-az679" tests="14" skipped="0" failures="0" errors="0" time="6.44">
    <testcase time="4.52" classname="ds.rm.o_smoke" name="simple_test"/>
    <testcase time="0" classname="ds.rm.o_smoke" name="simple_test"/>
    <testcase time="0" classname="ds.rm.o_smoke" name="simple_test"/>
    <testcase time="0" classname="ds.rm.o_smoke" name="simple_test"/>
    <testcase time="0" classname="ds.rm.o_smoke" name="simple_test"/>
    <testcase time="0" classname="ds.rm.o_smoke" name="simple_test"/>
    <testcase time="0" classname="ds.rm.o_smoke" name="simple_test"/>
    <testcase time="1.92" classname="ds.rm.o_smoke" name="simple_test"/>
    <testcase time="0" classname="ds.rm.o_smoke" name="simple_test"/>
    <testcase time="0" classname="ds.rm.o_smoke" name="simple_test"/>
    <testcase time="0" classname="ds.rm.o_smoke" name="simple_test"/>
    <testcase time="0" classname="ds.rm.o_smoke" name="simple_test"/>
    <testcase time="0" classname="ds.rm.o_smoke" name="simple_test"/>
    <testcase time="0" classname="ds.rm.o_smoke" name="simple_test"/>
  </testsuite>
  <testsuite name="ds.rNorm.o()::smoke::simple test" timestamp="2019-06-05 11:44:19" hostname="fv-az679" tests="11" skipped="0" failures="0" errors="0" time="6.12">
    <testcase time="6.12" classname="ds.rNorm.o_smoke_simple_test" name="simple_test"/>
    <testcase time="0" classname="ds.rNorm.o_smoke_simple_test" name="simple_test"/>
    <testcase time="0" classname="ds.rNorm.o_smoke_simple_test" name="simple_test"/>
    <testcase time="0" classname="ds.rNorm.o_smoke_simple_test" name="simple_test"/>
    <testcase time="0" classname="ds.rNorm.o_smoke_simple_test" name="simple_test"/>
    <testcase time="0" classname="ds.rNorm.o_smoke_simple_test" name="simple_test"/>
    <testcase time="0" classname="ds.rNorm.o_smoke_simple_test" name="simple_test"/>
    <testcase time="0" classname="ds.rNorm.o_smoke_simple_test" name="simple_test"/>
    <testcase time="0" classname="ds.rNorm.o_smoke_simple_test" name="simple_test"/>
    <testcase time="0" classname="ds.rNorm.o_smoke_simple_test" name="simple_test"/>
    <testcase time="0" classname="ds.rNorm.o_smoke_simple_test" name="simple_test"/>
  </testsuite>
  <testsuite name="ds.rPois.o()::smoke::simple test" timestamp="2019-06-05 11:44:25" hostname="fv-az679" tests="11" skipped="0" failures="0" errors="0" time="6.14">
    <testcase time="6.14" classname="ds.rPois.o_smoke_simple_test" name="simple_test"/>
    <testcase time="0" classname="ds.rPois.o_smoke_simple_test" name="simple_test"/>
    <testcase time="0" classname="ds.rPois.o_smoke_simple_test" name="simple_test"/>
    <testcase time="0" classname="ds.rPois.o_smoke_simple_test" name="simple_test"/>
    <testcase time="0" classname="ds.rPois.o_smoke_simple_test" name="simple_test"/>
    <testcase time="0" classname="ds.rPois.o_smoke_simple_test" name="simple_test"/>
    <testcase time="0" classname="ds.rPois.o_smoke_simple_test" name="simple_test"/>
    <testcase time="0" classname="ds.rPois.o_smoke_simple_test" name="simple_test"/>
    <testcase time="0" classname="ds.rPois.o_smoke_simple_test" name="simple_test"/>
    <testcase time="0" classname="ds.rPois.o_smoke_simple_test" name="simple_test"/>
    <testcase time="0" classname="ds.rPois.o_smoke_simple_test" name="simple_test"/>
  </testsuite>
  <testsuite name="ds.rUnif.o()::smoke::simple test" timestamp="2019-06-05 11:44:31" hostname="fv-az679" tests="11" skipped="0" failures="0" errors="0" time="6.12">
    <testcase time="6.12" classname="ds.rUnif.o_smoke_simple_test" name="simple_test"/>
    <testcase time="0" classname="ds.rUnif.o_smoke_simple_test" name="simple_test"/>
    <testcase time="0" classname="ds.rUnif.o_smoke_simple_test" name="simple_test"/>
    <testcase time="0" classname="ds.rUnif.o_smoke_simple_test" name="simple_test"/>
    <testcase time="0" classname="ds.rUnif.o_smoke_simple_test" name="simple_test"/>
    <testcase time="0" classname="ds.rUnif.o_smoke_simple_test" name="simple_test"/>
    <testcase time="0" classname="ds.rUnif.o_smoke_simple_test" name="simple_test"/>
    <testcase time="0" classname="ds.rUnif.o_smoke_simple_test" name="simple_test"/>
    <testcase time="0" classname="ds.rUnif.o_smoke_simple_test" name="simple_test"/>
    <testcase time="0" classname="ds.rUnif.o_smoke_simple_test" name="simple_test"/>
    <testcase time="0" classname="ds.rUnif.o_smoke_simple_test" name="simple_test"/>
  </testsuite>
  <testsuite name="ds.seq.o()::smoke" timestamp="2019-06-05 11:44:38" hostname="fv-az679" tests="3" skipped="0" failures="0" errors="0" time="5.01">
    <testcase time="5.01" classname="ds.seq.o_smoke" name="simplest_ds.seq.o"/>
    <testcase time="0" classname="ds.seq.o_smoke" name="simplest_ds.seq.o"/>
    <testcase time="0" classname="ds.seq.o_smoke" name="simplest_ds.seq.o"/>
  </testsuite>
  <testsuite name="ds.setSeed.o()::smoke" timestamp="2019-06-05 11:44:43" hostname="fv-az679" tests="9" skipped="0" failures="0" errors="0" time="4.47">
    <testcase time="4.47" classname="ds.setSeed.o_smoke" name="basic_setSeed"/>
    <testcase time="0" classname="ds.setSeed.o_smoke" name="basic_setSeed"/>
    <testcase time="0" classname="ds.setSeed.o_smoke" name="basic_setSeed"/>
    <testcase time="0" classname="ds.setSeed.o_smoke" name="basic_setSeed"/>
    <testcase time="0" classname="ds.setSeed.o_smoke" name="basic_setSeed"/>
    <testcase time="0" classname="ds.setSeed.o_smoke" name="basic_setSeed"/>
    <testcase time="0" classname="ds.setSeed.o_smoke" name="basic_setSeed"/>
    <testcase time="0" classname="ds.setSeed.o_smoke" name="basic_setSeed"/>
    <testcase time="0" classname="ds.setSeed.o_smoke" name="basic_setSeed"/>
  </testsuite>
  <testsuite name="ds.var.o()::smoke" timestamp="2019-06-05 11:44:47" hostname="fv-az679" tests="3" skipped="0" failures="0" errors="0" time="4.43">
    <testcase time="4.43" classname="ds.var.o_smoke" name="simple_var"/>
    <testcase time="0" classname="ds.var.o_smoke" name="simple_var"/>
    <testcase time="0" classname="ds.var.o_smoke" name="simple_var"/>
  </testsuite>
</testsuites>
